// Jest Snapshot v1, https://goo.gl/fbAQLP

exports[`Simple case 1`] = `"<!DOCTYPE html><html><head><title>My Page</title></head><body><div id="my-div"><p>Hello, World!</p></div></body></html>"`;

exports[`With arguments 1`] = `"<!DOCTYPE html><html><head><title>Test Title</title></head><body><a href="http://example.com">A link</a></body></html>"`;

exports[`With extends 1`] = `"<!DOCTYPE html><html><head><title>Test</title><script src="/jquery.js"></script><script src="/pets.js"></script></head><body><h1>Title</h1><ul><li>cat</li><li>dog</li></ul><div id="footer"><p>some footer content</p></div></body></html>"`;

exports[`With include 1`] = `"<!DOCTYPE html><html><head><title>My Site</title><script src="/javascripts/jquery.js"></script><script src="/javascripts/app.js"></script></head><body><h1>Test</h1><p>Welcome to my super lame test.</p></body></html>"`;
